// Jest Snapshot v1, https://goo.gl/fbAQLP

exports[`SkipLink should contain styles, including focus styles that reveal the link 1`] = `
.emotion-0 {
  color: #cd2f83;
  box-shadow: 0 2px #f5bbda;
  -webkit-text-decoration: none;
  text-decoration: none;
  -webkit-transition: all 200ms ease-in-out;
  transition: all 200ms ease-in-out;
  border: 0;
  -webkit-clip-path: rect(0 0 0 0);
  clip-path: rect(0 0 0 0);
  height: 1px;
  margin: -1px;
  overflow: hidden;
  padding: 0;
  position: absolute;
  white-space: nowrap;
  width: 1px;
  -webkit-transition: none;
  transition: none;
}

.emotion-0:hover {
  box-shadow: 0 2px #a0dee3;
  color: #0097a2;
}

.emotion-0:focus {
  box-shadow: 0 0 0 0.2rem #f5bbda;
  outline: 0;
  color: #cd2f83;
}

.emotion-0:focus {
  -webkit-clip-path: none;
  clip-path: none;
  height: auto;
  margin: 0;
  overflow: auto;
  position: static;
  white-space: normal;
  width: auto;
  font-family: -apple-system,BlinkMacSystemFont,San Francisco,Roboto,Segoe UI,Helvetica Neue,sans-serif;
  font-weight: 500;
  font-size: 1.8rem;
  line-height: 1.3333333333333333;
  box-shadow: 0 0 0 0.4rem #f5bbda;
  outline: 0;
  color: #cd2f83;
  background: #ffffff;
  border: 0;
  box-sizing: border-box;
  display: block;
  left: 0;
  padding: 1.2rem;
  position: absolute;
  -webkit-text-decoration: underline;
  text-decoration: underline;
  text-align: center;
  top: 0;
  width: 100%;
  z-index: 100;
}

<div>
  <a
    class="emotion-0"
    href="#content"
  >
    Skip to main content
  </a>
</div>
`;

exports[`SkipLink should not render styles when unstyled prop is set 1`] = `
<div>
  <a
    class="emotion-0"
    href="#content"
  >
    Skip to main content
  </a>
</div>
`;
