// Jest Snapshot v1, https://goo.gl/fbAQLP

exports[`Link should not output styles when unstyled is set 1`] = `
<div>
  <a
    class="emotion-0"
    href="https://octopusthink.com/"
  >
    hello
  </a>
</div>
`;

exports[`Link should output Link styles 1`] = `
.emotion-0 {
  color: #cd2f83;
  -webkit-text-decoration-color: #f5bbda;
  text-decoration-color: #f5bbda;
  -webkit-text-decoration-thickness: 2px;
  text-decoration-thickness: 2px;
  -webkit-text-decoration: underline;
  text-decoration: underline;
  text-underline-offset: 0.25em;
  -webkit-transition: all 200ms ease-in-out;
  transition: all 200ms ease-in-out;
}

.emotion-0:hover {
  color: #0097a2;
  -webkit-text-decoration-color: #a0dee3;
  text-decoration-color: #a0dee3;
}

.emotion-0:focus {
  box-shadow: #f5bbda 0 0 0 3px;
  outline: none;
  -webkit-text-decoration: none;
  text-decoration: none;
}

<div>
  <a
    class="emotion-0"
    href="https://octopusthink.com/"
  >
    hello
  </a>
</div>
`;
