// Jest Snapshot v1, https://goo.gl/fbAQLP

exports[`Button should match styles 1`] = `
.emotion-0 {
  font-family: -apple-system,BlinkMacSystemFont,San Francisco,Roboto,Segoe UI,Helvetica Neue,sans-serif;
  font-weight: 500;
  font-size: 1.8rem;
  line-height: 1.3333333333333333;
  background: #ffffff;
  border: 2px solid #cd2f83;
  border-radius: 8px;
  color: #cd2f83;
  cursor: pointer;
  display: inline-block;
  margin: 0 0.4rem 0.8rem;
  outline: none;
  padding: 1.2rem 2.4rem;
  position: relative;
  text-align: center;
  -webkit-text-decoration: none;
  text-decoration: none;
  top: 0;
  -webkit-transition: all 200ms ease-in-out;
  transition: all 200ms ease-in-out;
  -webkit-transition: top 100ms ease;
  transition: top 100ms ease;
}

.emotion-0::-moz-focus-inner {
  border: 0;
}

.emotion-0:active {
  border-color: #94225f;
  color: #94225f;
  top: 2px;
}

.emotion-0:focus {
  box-shadow: 0 0 1px 4px #f5bbda;
  outline: none;
}

.emotion-0:hover {
  border-color: #94225f;
  box-shadow: 0 2px 4px rgba(0,0,0,0.25);
  color: #94225f;
}

<button
  class="emotion-0"
  type="button"
>
  Hello
</button>
`;
