// Jest Snapshot v1, https://goo.gl/fbAQLP

exports[`Heading should be hidden with CSS 1`] = `
.emotion-0 {
  border: 0;
  -webkit-clip-path: rect(0 0 0 0);
  clip-path: rect(0 0 0 0);
  height: 1px;
  margin: -1px;
  overflow: hidden;
  padding: 0;
  position: absolute;
  white-space: nowrap;
  width: 1px;
}

<div>
  <span
    class="emotion-0"
  >
    Howdy
  </span>
</div>
`;
