// Jest Snapshot v1, https://goo.gl/fbAQLP

exports[`List.Item should render list styles 1`] = `
.emotion-0 {
  position: relative;
  margin: 0 0 0.4rem;
}

.emotion-0::before {
  position: absolute;
  right: 101%;
}

<div>
  <li
    class="Nautilus-ListItem emotion-0"
    data-testid="listItem"
  >
    hello
  </li>
</div>
`;
